// Jest Snapshot v1, https://goo.gl/fbAQLP

exports[`(Components) AddButton renders correctly with basic required props 1`] = `
.c0 svg {
  vertical-align: top;
}

.c1 {
  padding-right: 8px;
}

<button
  class="MuiButtonBase-root-27 MuiButton-root-1 MuiButton-text-3 MuiButton-textPrimary-4 MuiButton-flat-6 MuiButton-flatPrimary-7 c0"
  tabindex="0"
  type="button"
>
  <span
    class="MuiButton-label-2"
  >
    <span
      class="c1"
    >
      <svg
        aria-hidden="true"
        class="MuiSvgIcon-root-30"
        focusable="false"
        role="presentation"
        viewBox="0 0 24 24"
      >
        <path
          d="M19 13h-6v6h-2v-6H5v-2h6V5h2v6h6v2z"
        />
        <path
          d="M0 0h24v24H0z"
          fill="none"
        />
      </svg>
    </span>
  </span>
</button>
`;

exports[`(Components) AddButton renders correctly with label 1`] = `
.c0 svg {
  vertical-align: top;
}

.c1 {
  padding-right: 8px;
}

<button
  class="MuiButtonBase-root-27 MuiButton-root-1 MuiButton-text-3 MuiButton-textPrimary-4 MuiButton-flat-6 MuiButton-flatPrimary-7 c0"
  tabindex="0"
  type="button"
>
  <span
    class="MuiButton-label-2"
  >
    <span
      class="c1"
    >
      <svg
        aria-hidden="true"
        class="MuiSvgIcon-root-30"
        focusable="false"
        role="presentation"
        viewBox="0 0 24 24"
      >
        <path
          d="M19 13h-6v6h-2v-6H5v-2h6V5h2v6h6v2z"
        />
        <path
          d="M0 0h24v24H0z"
          fill="none"
        />
      </svg>
    </span>
    Wow
  </span>
</button>
`;
