// Jest Snapshot v1, https://goo.gl/fbAQLP

exports[`(Components) RemoveButton mounts with basic mountWithTheme 1`] = `
.c0 {
  color: #f44336;
}

@media (min-width:0) and (max-width:599px) {
  .c0 {
    position: absolute;
    top: 0;
    right: 0;
  }
}

@media (min-width:600px) and (max-width:959px) {
  .c0 {
    position: absolute;
    top: 0;
    right: 0;
  }
}

<Button__EnhancedButton
  className="c0"
  icon={true}
  onClick={[Function]}
>
  delete
</Button__EnhancedButton>
`;
