// Jest Snapshot v1, https://goo.gl/fbAQLP

exports[`(Components) RemoveButton mounts with basic mountWithTheme 1`] = `
.c0 {
  color: #f44336;
  position: absolute;
  right: 0;
  top: 0;
}

<Button__EnhancedButton
  className="c0"
  icon={true}
  index={1}
  onClick={[Function]}
  onRemove={[Function]}
>
  delete
</Button__EnhancedButton>
`;
