// Jest Snapshot v1, https://goo.gl/fbAQLP

exports[`(Components) RemoveButton mounts with basic renderWithTheme 1`] = `
@media (min-width:0) and (max-width:599px) {
  .c0 {
    position: absolute;
    top: 4px;
    right: 2px;
  }
}

@media (min-width:600px) and (max-width:959px) {
  .c0 {
    position: absolute;
    top: 4px;
    right: 2px;
  }
}

<button
  class="md-btn md-btn--icon md-pointer--hover md-inline-block c0"
  type="button"
>
  <div
    class="md-ink-container"
  />
  <i
    class="md-icon material-icons md-text--inherit"
  >
    <svg
      class="md-icon md-icon material-icons"
      focusable="false"
      role="img"
      style="height: 20px; width: 20px;"
      viewBox="0 0 24 24"
      xmlns="http://www.w3.org/2000/svg"
    >
      <path
        color="none"
        d="M6 19c0 1.1.9 2 2 2h8c1.1 0 2-.9 2-2V7H6v12zM8 9h8v10H8V9zm7.5-5l-1-1h-5l-1 1H5v2h14V4z"
      />
      <path
        d="M0 0h24v24H0V0z"
        fill="none"
      />
    </svg>
  </i>
</button>
`;
