// Jest Snapshot v1, https://goo.gl/fbAQLP

exports[`(Navigation) Header renders a Header 1`] = `
.c0 {
  position: fixed;
  top: 0;
  left: 0;
  right: 0;
  display: -webkit-box;
  display: -webkit-flex;
  display: -ms-flexbox;
  display: flex;
  -webkit-align-items: center;
  -webkit-box-align: center;
  -ms-flex-align: center;
  align-items: center;
  height: 56px;
  z-index: 19;
  background-image: radial-gradient(circle,#222639 0%,#1C1F2F 100%);
  color: white;
  box-shadow: 0 1px 1px 0 rgba(0,0,0,0.1),0 1px 1px 0 rgba(0,0,0,0.1),0 0 1px -4px rgba(0,0,0,0.2);
}

<header
  className="c0"
>
  <Header__LeftContent />
  <Header__RightContent />
</header>
`;
