// Jest Snapshot v1, https://goo.gl/fbAQLP

exports[`(Component) A mounts the bubble prop 1`] = `
.c0 {
  font-size: 13px;
  -webkit-text-decoration: none;
  text-decoration: none;
}

<a
  class="c0"
  href="http://wassup"
/>
`;

exports[`(Component) A mounts without additional props 1`] = `
.c0 {
  font-size: 13px;
  -webkit-text-decoration: none;
  text-decoration: none;
}

<a
  class="c0"
  href="http://wassup"
/>
`;
