// Jest Snapshot v1, https://goo.gl/fbAQLP

exports[`(Panels) Header renders with a title 1`] = `
<Header__HeaderStyle
  expandable={true}
  noShadow={false}
  onClick={null}
>
  <Row
    alignContent="stretch"
    alignItems="stretch"
    center={true}
    className=""
    columnDivisions={12}
    component="div"
    debug={false}
    direction="row"
    fill={true}
    gutter={1}
    height=""
    justifyContent="flex-start"
    minColWidths={false}
    padding=""
    paddingBottom=""
    paddingLeft=""
    paddingRight=""
    paddingTop=""
    style={Object {}}
    wrap="nowrap"
  >
    <Header__TitleSection
      flex={12}
    >
      <WithTheme(ExpanderIcon)
        isExpanded={true}
      >
        expand_more
      </WithTheme(ExpanderIcon)>
      <Header__Title
        small={true}
      >
        gazobazorb
      </Header__Title>
    </Header__TitleSection>
  </Row>
</Header__HeaderStyle>
`;
