// Jest Snapshot v1, https://goo.gl/fbAQLP

exports[`(Panels) Header renders with a title 1`] = `
.c1 {
  box-sizing: border-box;
  display: -webkit-box;
  display: -webkit-flex;
  display: -ms-flexbox;
  display: flex;
  -webkit-flex: 0 1 auto;
  -ms-flex: 0 1 auto;
  flex: 0 1 auto;
  width: 100%;
  -webkit-flex-direction: row;
  -ms-flex-direction: row;
  flex-direction: row;
  -webkit-flex-wrap: nowrap;
  -ms-flex-wrap: nowrap;
  flex-wrap: nowrap;
  -webkit-box-pack: center;
  -webkit-justify-content: center;
  -ms-flex-pack: center;
  justify-content: center;
  -webkit-align-items: center;
  -webkit-box-align: center;
  -ms-flex-align: center;
  align-items: center;
  -webkit-align-content: stretch;
  -ms-flex-line-pack: stretch;
  align-content: stretch;
  height: 100%;
}

.c3 {
  box-sizing: border-box;
  margin: 0px;
  max-height: 100%;
  -webkit-order: 0;
  -ms-flex-order: 0;
  order: 0;
  -webkit-align-self: auto;
  -ms-flex-item-align: auto;
  align-self: auto;
  --width: calc(100% - 0px);
  -webkit-flex: 0 1 var(--width);
  -ms-flex: 0 1 var(--width);
  flex: 0 1 var(--width);
  min-width: var(--width);
}

.c4 {
  margin-left: 3px;
  margin-right: 3px;
  -webkit-transition: -webkit-transform 100ms ease;
  -webkit-transition: transform 100ms ease;
  transition: transform 100ms ease;
  -webkit-transform: rotate(0);
  -ms-transform: rotate(0);
  transform: rotate(0);
}

.c2 {
  padding-left: 8px;
  padding-right: 8px;
  padding-top: 12px;
  padding-bottom: 12px;
  height: 100%;
  display: -webkit-box;
  display: -webkit-flex;
  display: -ms-flexbox;
  display: flex;
  -webkit-align-items: center;
  -webkit-box-align: center;
  -ms-flex-align: center;
  align-items: center;
}

.c5 {
  display: inline-block;
  font-size: 16px;
  color: #616161;
}

.c0 {
  height: 48px;
  font-weight: bold;
  -webkit-user-select: none;
  -moz-user-select: none;
  -ms-user-select: none;
  user-select: none;
}

.c0:hover {
  cursor: pointer;
}

<header
  class="c0"
>
  <div
    class="c1"
  >
    <div
      class="c2 c3"
    >
      <i
        class="md-icon material-icons c4"
        theme="[object Object]"
      >
        expand_more
      </i>
      <div
        class="c5"
      >
        gazobazorb
      </div>
    </div>
  </div>
</header>
`;

exports[`(Panels) Header renders without exploding 1`] = `
.c1 {
  box-sizing: border-box;
  display: -webkit-box;
  display: -webkit-flex;
  display: -ms-flexbox;
  display: flex;
  -webkit-flex: 0 1 auto;
  -ms-flex: 0 1 auto;
  flex: 0 1 auto;
  width: 100%;
  -webkit-flex-direction: row;
  -ms-flex-direction: row;
  flex-direction: row;
  -webkit-flex-wrap: nowrap;
  -ms-flex-wrap: nowrap;
  flex-wrap: nowrap;
  -webkit-box-pack: center;
  -webkit-justify-content: center;
  -ms-flex-pack: center;
  justify-content: center;
  -webkit-align-items: center;
  -webkit-box-align: center;
  -ms-flex-align: center;
  align-items: center;
  -webkit-align-content: stretch;
  -ms-flex-line-pack: stretch;
  align-content: stretch;
  height: 100%;
}

.c3 {
  box-sizing: border-box;
  margin: 0px;
  max-height: 100%;
  -webkit-order: 0;
  -ms-flex-order: 0;
  order: 0;
  -webkit-align-self: auto;
  -ms-flex-item-align: auto;
  align-self: auto;
  --width: calc(100% - 0px);
  -webkit-flex: 0 1 var(--width);
  -ms-flex: 0 1 var(--width);
  flex: 0 1 var(--width);
  min-width: var(--width);
}

.c4 {
  margin-left: 3px;
  margin-right: 3px;
  -webkit-transition: -webkit-transform 100ms ease;
  -webkit-transition: transform 100ms ease;
  transition: transform 100ms ease;
  -webkit-transform: rotate(0);
  -ms-transform: rotate(0);
  transform: rotate(0);
}

.c2 {
  padding-left: 8px;
  padding-right: 8px;
  padding-top: 12px;
  padding-bottom: 12px;
  height: 100%;
  display: -webkit-box;
  display: -webkit-flex;
  display: -ms-flexbox;
  display: flex;
  -webkit-align-items: center;
  -webkit-box-align: center;
  -ms-flex-align: center;
  align-items: center;
}

.c5 {
  display: inline-block;
  font-size: 16px;
  color: #616161;
}

.c0 {
  height: 48px;
  font-weight: bold;
  -webkit-user-select: none;
  -moz-user-select: none;
  -ms-user-select: none;
  user-select: none;
}

.c0:hover {
  cursor: pointer;
}

<header
  class="c0"
>
  <div
    class="c1"
  >
    <div
      class="c2 c3"
    >
      <i
        class="md-icon material-icons c4"
        theme="[object Object]"
      >
        expand_more
      </i>
      <div
        class="c5"
      >
        gazobazorb
      </div>
    </div>
  </div>
</header>
`;
