// Jest Snapshot v1, https://goo.gl/fbAQLP

exports[`(Navigation) Header renders a Header 1`] = `
.c0 {
  z-index: 19;
  background-color: #1C1F2F;
  box-shadow: 0 2px 2px 0 rgba(0,0,0,0.14),0 1px 5px 0 rgba(0,0,0,0.12),0 3px 1px -2px rgba(0,0,0,0.2);
}

<Paper
  className="md-toolbar c0"
  component="header"
  zDepth={0}
>
  <ToolbarTitle
    key="title"
  />
</Paper>
`;
