// Jest Snapshot v1, https://goo.gl/fbAQLP

exports[`(Navigation) NavHeader renders a NavHeader 1`] = `
.c0 {
  display: -webkit-box;
  display: -webkit-flex;
  display: -ms-flexbox;
  display: flex;
  -webkit-align-items: center;
  -webkit-box-align: center;
  -ms-flex-align: center;
  align-items: center;
  background-color: #fff;
  border-bottom: 1px solid #eee;
  padding: 10px;
  text-align: left;
  min-height: 56px;
  overflow: visible;
  width: 100%;
  z-index: 4;
}

.c0 .md-btn--icon {
  height: 32px;
  padding: 0;
  width: 32px;
}

<div
  className="c0"
/>
`;
