// Jest Snapshot v1, https://goo.gl/fbAQLP

exports[`Containers::Component AddressCell does not render when there is an invalid address shape 1`] = `null`;

exports[`Containers::Component AddressCell renders with a valid address 1`] = `
.c0 {
  font-size: 13px;
  -webkit-text-decoration: none;
  text-decoration: none;
  color: #1e88e5;
}

<a
  class="c0"
  href="http://gazoropazorp:80"
  rel="noopener noreferrer"
  target="_blank"
>
  http://gazoropazorp:80
</a>
`;
