// Jest Snapshot v1, https://goo.gl/fbAQLP

exports[`ChipsAuto mounts with basic props 1`] = `
<div
  aria-expanded="false"
  aria-haspopup="true"
  class="md-layover md-layover--simplified md-full-width md-menu-container md-menu-container--menu-below md-autocomplete-container"
  id="Entry-chips-menu"
>
  <div
    class="md-text-field-container md-full-width md-text-field-container--input md-autocomplete"
  >
    <input
      aria-autocomplete="list"
      autocomplete="off"
      class="md-text-field md-text-field--margin md-full-width md-text"
      id="Entry-chips"
      placeholder="Entry"
      type="text"
      value=""
    />
    <hr
      class="md-divider md-divider--text-field md-divider--expand-from-center"
    />
  </div>
</div>
`;
