// Jest Snapshot v1, https://goo.gl/fbAQLP

exports[`ChipsAuto mounts with basic props 1`] = `
.c0 {
  display: -webkit-box;
  display: -webkit-flex;
  display: -ms-flexbox;
  display: flex;
  -webkit-flex-wrap: wrap;
  -ms-flex-wrap: wrap;
  flex-wrap: wrap;
}

<Chips
  data={Array []}
  helpText={null}
  input={Object {}}
  label="Entry"
  meta={
    Object {
      "error": null,
      "touched": false,
    }
  }
>
  <Autocomplete
    autoComplete="off"
    autocompleteWithLabel={false}
    clearOnAutocomplete={true}
    data={Array []}
    dataLabel="primaryText"
    defaultValue=""
    filter={[Function]}
    findInlineSuggestion={[Function]}
    focusInputOnAutocomplete={true}
    fullWidth={true}
    helpText={null}
    id="Entry-chips"
    inlineSuggestionPadding={6}
    lineDirection="center"
    listInline={true}
    offset={0}
    onAutocomplete={[Function]}
    onFocus={[Function]}
    placeholder="Entry"
    position="below"
    repositionOnResize={true}
    repositionOnScroll={true}
    sameWidth={true}
  >
    <Menu
      anchor={
        Object {
          "x": "inner right",
          "y": "overlap",
        }
      }
      cascadingAnchor={
        Object {
          "x": "right",
          "y": "overlap",
        }
      }
      cascadingZDepth={3}
      className="md-autocomplete-container"
      fixedTo={[Window]}
      fullWidth={true}
      id="Entry-chips-menu"
      listClassName="md-autocomplete-list"
      listHeightRestricted={true}
      listInline={true}
      listZDepth={2}
      onClick={[Function]}
      onClose={[Function]}
      onKeyDown={[Function]}
      position="below"
      repositionOnResize={true}
      repositionOnScroll={true}
      sameWidth={true}
      simplified={true}
      toggle={
        <TextField
          aria-autocomplete="list"
          autoComplete="off"
          className="md-autocomplete"
          fullWidth={true}
          helpText={null}
          id="Entry-chips"
          leftIconStateful={true}
          lineDirection="center"
          onBlur={[Function]}
          onChange={[Function]}
          onFocus={[Function]}
          onKeyDown={[Function]}
          onMouseDown={[Function]}
          passwordIcon={
            <FontIcon
              iconClassName="material-icons"
            >
              remove_red_eye
            </FontIcon>
          }
          placeholder="Entry"
          rightIconStateful={true}
          type="text"
          value=""
        />
      }
      visible={false}
    >
      <Layover
        anchor={
          Object {
            "x": "inner right",
            "y": "overlap",
          }
        }
        animationPosition="below"
        aria-expanded={false}
        aria-haspopup={true}
        aria-owns="Entry-chips-menu-list"
        belowAnchor={
          Object {
            "x": "center",
            "y": "bottom",
          }
        }
        className="md-menu-container md-menu-container--menu-below md-autocomplete-container"
        closeOnOutsideClick={true}
        component="div"
        fillViewportHeight={false}
        fillViewportWidth={false}
        fixedTo={[Window]}
        fullWidth={true}
        id="Entry-chips-menu"
        minBottom={0}
        minLeft={0}
        minRight={0}
        onClick={[Function]}
        onClose={[Function]}
        onKeyDown={[Function]}
        preventContextMenu={true}
        repositionOnResize={true}
        repositionOnScroll={true}
        sameWidth={true}
        simplified={true}
        toggle={
          <TextField
            aria-autocomplete="list"
            autoComplete="off"
            className="md-autocomplete"
            fullWidth={true}
            helpText={null}
            id="Entry-chips"
            leftIconStateful={true}
            lineDirection="center"
            onBlur={[Function]}
            onChange={[Function]}
            onFocus={[Function]}
            onKeyDown={[Function]}
            onMouseDown={[Function]}
            passwordIcon={
              <FontIcon
                iconClassName="material-icons"
              >
                remove_red_eye
              </FontIcon>
            }
            placeholder="Entry"
            rightIconStateful={true}
            type="text"
            value=""
          />
        }
        toggleQuery=".md-text-field-container,button,*[role=\\"button\\"],*[role=\\"listbox\\"]"
        transitionEnterTimeout={200}
        transitionLeaveTimeout={200}
        transitionName="md-layover"
        visible={false}
        xThreshold={0.38}
        yThreshold={0.38}
      >
        <CSSTransitionGroup
          aria-expanded={false}
          aria-haspopup={true}
          className="md-layover md-layover--simplified md-full-width md-menu-container md-menu-container--menu-below md-autocomplete-container"
          component="div"
          id="Entry-chips-menu"
          onClick={[Function]}
          onContextMenu={[Function]}
          onKeyDown={[Function]}
          transitionAppear={false}
          transitionEnter={true}
          transitionEnterTimeout={200}
          transitionLeave={true}
          transitionLeaveTimeout={200}
          transitionName="md-layover"
        >
          <TransitionGroup
            aria-expanded={false}
            aria-haspopup={true}
            childFactory={[Function]}
            className="md-layover md-layover--simplified md-full-width md-menu-container md-menu-container--menu-below md-autocomplete-container"
            component="div"
            id="Entry-chips-menu"
            onClick={[Function]}
            onContextMenu={[Function]}
            onKeyDown={[Function]}
            transitionAppear={false}
            transitionEnter={true}
            transitionEnterTimeout={200}
            transitionLeave={true}
            transitionLeaveTimeout={200}
            transitionName="md-layover"
          >
            <div
              aria-expanded={false}
              aria-haspopup={true}
              className="md-layover md-layover--simplified md-full-width md-menu-container md-menu-container--menu-below md-autocomplete-container"
              id="Entry-chips-menu"
              onClick={[Function]}
              onContextMenu={[Function]}
              onKeyDown={[Function]}
            >
              <CSSTransitionGroupChild
                appear={false}
                enter={true}
                enterTimeout={200}
                key=".$autocomplete"
                leave={true}
                leaveTimeout={200}
                name="md-layover"
              >
                <TextField
                  aria-autocomplete="list"
                  autoComplete="off"
                  className="md-autocomplete"
                  fullWidth={true}
                  helpText={null}
                  id="Entry-chips"
                  key=".$autocomplete"
                  leftIconStateful={true}
                  lineDirection="center"
                  onBlur={[Function]}
                  onChange={[Function]}
                  onFocus={[Function]}
                  onKeyDown={[Function]}
                  onMouseDown={[Function]}
                  passwordIcon={
                    <FontIcon
                      iconClassName="material-icons"
                    >
                      remove_red_eye
                    </FontIcon>
                  }
                  placeholder="Entry"
                  rightIconStateful={true}
                  type="text"
                  value=""
                >
                  <div
                    className="md-text-field-container md-full-width md-text-field-container--input md-autocomplete"
                    onClick={[Function]}
                    onMouseDown={[Function]}
                  >
                    <FloatingLabel
                      active={false}
                      error={false}
                      floating={false}
                      htmlFor="Entry-chips"
                      iconOffset={false}
                      key="label"
                    />
                    <InputField
                      aria-autocomplete="list"
                      autoComplete="off"
                      className=""
                      fullWidth={true}
                      id="Entry-chips"
                      inlineIndicator={false}
                      key="field"
                      onBlur={[Function]}
                      onChange={[Function]}
                      onFocus={[Function]}
                      onKeyDown={[Function]}
                      placeholder="Entry"
                      type="text"
                      value=""
                    >
                      <input
                        aria-autocomplete="list"
                        autoComplete="off"
                        className="md-text-field md-text-field--margin md-full-width md-text"
                        id="Entry-chips"
                        onBlur={[Function]}
                        onChange={[Function]}
                        onFocus={[Function]}
                        onKeyDown={[Function]}
                        placeholder="Entry"
                        type="text"
                        value=""
                      />
                    </InputField>
                    <TextFieldDivider
                      active={false}
                      error={false}
                      key="text-divider"
                      lineDirection="center"
                    >
                      <Divider
                        className="md-divider--text-field md-divider--expand-from-center"
                      >
                        <hr
                          className="md-divider md-divider--text-field md-divider--expand-from-center"
                        />
                      </Divider>
                    </TextFieldDivider>
                    <TextFieldMessage
                      active={false}
                      currentLength={0}
                      error={false}
                      helpText={null}
                      key="message"
                      leftIcon={false}
                      rightIcon={false}
                    />
                  </div>
                </TextField>
              </CSSTransitionGroupChild>
            </div>
          </TransitionGroup>
        </CSSTransitionGroup>
      </Layover>
    </Menu>
  </Autocomplete>
  <ChipsAuto__List
    maxHeight="184px"
  >
    <div
      className="c0"
    />
  </ChipsAuto__List>
</Chips>
`;
