// Jest Snapshot v1, https://goo.gl/fbAQLP

exports[`Chips mounts with basic props 1`] = `
<div
  class="md-text-field-container md-full-width md-text-field-container--disabled md-text-field-container--input"
>
  <input
    class="md-text-field md-text-field--margin md-full-width md-text--disabled"
    disabled=""
    id="test-list-table"
    placeholder="Entry"
    type="text"
    value=""
  />
  <hr
    class="md-divider md-divider--text-field md-divider--expand-from-center"
  />
  <div
    class="md-text-field-message-container md-full-width md-text--disabled"
  >
    <div
      aria-hidden="false"
      class="md-text-field-message md-text-field-message--active"
    >
      press ENTER to add a new entry
    </div>
  </div>
</div>
`;
