// Jest Snapshot v1, https://goo.gl/fbAQLP

exports[`(Chips) Chip mounts with basic props 1`] = `
.c0 {
  position: relative;
  height: 32px;
  background-color: #e0e0e0;
  border-radius: 25px;
  margin: 5px;
  display: -webkit-box;
  display: -webkit-flex;
  display: -ms-flexbox;
  display: flex;
  -webkit-align-items: center;
  -webkit-box-align: center;
  -ms-flex-align: center;
  align-items: center;
}

.c1 {
  padding: 8px 8px 8px 14px;
}

.c2 {
  border: none;
  background: transparent;
  height: 32px;
  width: 32px;
  outline: none;
  border-radius: 50%;
  padding: 3px;
}

.c2 svg {
  -webkit-transform: rotate(45deg);
  -ms-transform: rotate(45deg);
  transform: rotate(45deg);
}

.c2:hover {
  cursor: pointer;
}

<div
  class="c0"
>
  <div
    class="c1"
  >
    test
  </div>
  <button
    class="c2"
  >
    <svg
      aria-hidden="true"
      class="MuiSvgIcon-root-1 MuiSvgIcon-colorAction-4 MuiSvgIcon-fontSizeSmall-8"
      focusable="false"
      role="presentation"
      viewBox="0 0 24 24"
    >
      <path
        d="M0 0h24v24H0z"
        fill="none"
      />
      <path
        d="M12 2C6.48 2 2 6.48 2 12s4.48 10 10 10 10-4.48 10-10S17.52 2 12 2zm5 11h-4v4h-2v-4H7v-2h4V7h2v4h4v2z"
      />
    </svg>
  </button>
</div>
`;
