// Jest Snapshot v1, https://goo.gl/fbAQLP

exports[`Lambdas::Components::ComputeSection mounts with basic props 1`] = `
.c0 {
  box-sizing: border-box;
  display: -webkit-box;
  display: -webkit-flex;
  display: -ms-flexbox;
  display: flex;
  -webkit-flex: 0 1 auto;
  -ms-flex: 0 1 auto;
  flex: 0 1 auto;
  width: 100%;
  -webkit-flex-direction: row;
  -ms-flex-direction: row;
  flex-direction: row;
  -webkit-flex-wrap: wrap;
  -ms-flex-wrap: wrap;
  flex-wrap: wrap;
  -webkit-box-pack: start;
  -webkit-justify-content: flex-start;
  -ms-flex-pack: start;
  justify-content: flex-start;
  -webkit-align-items: stretch;
  -webkit-box-align: stretch;
  -ms-flex-align: stretch;
  align-items: stretch;
  -webkit-align-content: stretch;
  -ms-flex-line-pack: stretch;
  align-content: stretch;
}

.c1 {
  box-sizing: border-box;
  margin: 5px;
  max-height: 100%;
  -webkit-order: 0;
  -ms-flex-order: 0;
  order: 0;
  -webkit-align-self: auto;
  -ms-flex-item-align: auto;
  align-self: auto;
  --width: calc(83.33333333333334% - 10px);
  -webkit-flex: 0 1 var(--width);
  -ms-flex: 0 1 var(--width);
  flex: 0 1 var(--width);
  min-width: var(--width);
}

.c3 {
  box-sizing: border-box;
  margin: 5px;
  max-height: 100%;
  -webkit-order: 0;
  -ms-flex-order: 0;
  order: 0;
  -webkit-align-self: center;
  -ms-flex-item-align: center;
  align-self: center;
  --width: calc(16.666666666666664% - 10px);
  -webkit-flex: 0 1 var(--width);
  -ms-flex: 0 1 var(--width);
  flex: 0 1 var(--width);
  min-width: var(--width);
}

.c2 .md-slider-thumb {
  z-index: 2;
}

.c2 .md-slider-discrete-tick {
  z-index: 1;
}

@media (min-width:0) and (max-width:599px) {
  .c1 {
    --width: calc(66.66666666666666% - 10px);
    -webkit-flex: 0 1 var(--width);
    -ms-flex: 0 1 var(--width);
    flex: 0 1 var(--width);
    min-width: var(--width);
  }
}

@media (min-width:0) and (max-width:599px) {
  .c3 {
    --width: calc(33.33333333333333% - 10px);
    -webkit-flex: 0 1 var(--width);
    -ms-flex: 0 1 var(--width);
    flex: 0 1 var(--width);
    min-width: var(--width);
  }
}

<div
  class="c0"
>
  <div
    class="c1"
  >
    <div
      class="md-slider-container c2 md-pointer--hover"
    >
      <label
        class="md-slider-label md-text"
        for="properties.cpus--cpu"
      >
        CPU
      </label>
      <input
        class="md-slider-input"
        id="properties.cpus--cpu"
        max="4"
        min="0.1"
        readonly=""
        type="range"
        value="1"
      />
      <i
        class="md-icon material-icons"
      >
        memory
      </i>
      <div
        class="md-slider-track md-slider-track--ind-left"
      >
        <hr
          class="md-slider-track-fill"
          style="width: 23.076923076923077%;"
        />
        <div
          aria-pressed="false"
          class="md-fake-btn md-pointer--hover md-fake-btn--no-outline md-slider-thumb md-slider-thumb--on md-slider-thumb--discrete"
          role="button"
          tabindex="0"
        />
        <span
          class="md-slider-thumb md-slider-thumb--mask"
        />
      </div>
    </div>
  </div>
  <div
    class="c3"
  >
    <div
      class="MuiFormControl-root-1 MuiFormControl-marginDense-3 MuiFormControl-fullWidth-4"
      step="0.1"
    >
      <label
        class="MuiFormLabel-root-16 MuiFormLabel-filled-20 MuiFormLabel-required-21 MuiInputLabel-required-9 MuiInputLabel-root-5 MuiInputLabel-formControl-10 MuiInputLabel-animated-13 MuiInputLabel-shrink-12 MuiInputLabel-marginDense-11 MuiInputLabel-outlined-15"
        data-shrink="true"
      >
        CPU
        <span
          class="MuiFormLabel-asterisk-22"
        >
           *
        </span>
      </label>
      <div
        class="MuiInputBase-root-36 MuiOutlinedInput-root-23 MuiInputBase-fullWidth-45 MuiInputBase-formControl-37 MuiInputBase-marginDense-43"
      >
        <fieldset
          aria-hidden="true"
          class="MuiPrivateNotchedOutline-root-53 MuiOutlinedInput-notchedOutline-30"
          style="padding-left: 8px;"
        >
          <legend
            class="MuiPrivateNotchedOutline-legend-54"
            style="width: 0px;"
          >
            <span>
              ​
            </span>
          </legend>
        </fieldset>
        <input
          aria-invalid="false"
          class="MuiInputBase-input-46 MuiOutlinedInput-input-31 MuiInputBase-inputType-49 MuiInputBase-inputMarginDense-47 MuiOutlinedInput-inputMarginDense-32"
          name="properties.cpus"
          required=""
          type="number"
          value="1"
        />
      </div>
    </div>
  </div>
  <div
    class="c1"
  >
    <div
      class="md-slider-container c2 md-pointer--hover"
    >
      <label
        class="md-slider-label md-text"
        for="properties.memory--memory"
      >
        Memory (MB)
      </label>
      <input
        class="md-slider-input"
        id="properties.memory--memory"
        max="2048"
        min="128"
        readonly=""
        type="range"
        value="256"
      />
      <i
        class="md-icon material-icons"
      >
        sd_card
      </i>
      <div
        class="md-slider-track md-slider-track--ind-left"
      >
        <span
          class="md-slider-discrete-tick"
          style="left: 0%; width: 3px;"
        />
        <span
          class="md-slider-discrete-tick"
          style="width: 6px;"
        />
        <span
          class="md-slider-discrete-tick"
          style="width: 6px;"
        />
        <span
          class="md-slider-discrete-tick"
          style="width: 6px;"
        />
        <span
          class="md-slider-discrete-tick"
          style="width: 6px;"
        />
        <span
          class="md-slider-discrete-tick"
          style="width: 6px;"
        />
        <span
          class="md-slider-discrete-tick"
          style="width: 6px;"
        />
        <span
          class="md-slider-discrete-tick"
          style="width: 6px;"
        />
        <span
          class="md-slider-discrete-tick"
          style="width: 6px;"
        />
        <span
          class="md-slider-discrete-tick"
          style="width: 6px;"
        />
        <span
          class="md-slider-discrete-tick"
          style="width: 6px;"
        />
        <span
          class="md-slider-discrete-tick"
          style="width: 6px;"
        />
        <span
          class="md-slider-discrete-tick"
          style="width: 6px;"
        />
        <span
          class="md-slider-discrete-tick"
          style="width: 6px;"
        />
        <span
          class="md-slider-discrete-tick"
          style="width: 6px;"
        />
        <span
          class="md-slider-discrete-tick"
          style="left: 100%; width: 3px;"
        />
        <hr
          class="md-slider-track-fill"
          style="width: 6.666666666666667%;"
        />
        <div
          aria-pressed="false"
          class="md-fake-btn md-pointer--hover md-fake-btn--no-outline md-slider-thumb md-slider-thumb--on md-slider-thumb--discrete"
          role="button"
          tabindex="0"
        />
        <span
          class="md-slider-thumb md-slider-thumb--mask"
        />
      </div>
    </div>
  </div>
  <div
    class="c3"
  >
    <div
      class="MuiFormControl-root-1 MuiFormControl-marginDense-3 MuiFormControl-fullWidth-4"
      step="1"
    >
      <label
        class="MuiFormLabel-root-16 MuiFormLabel-filled-20 MuiFormLabel-required-21 MuiInputLabel-required-9 MuiInputLabel-root-5 MuiInputLabel-formControl-10 MuiInputLabel-animated-13 MuiInputLabel-shrink-12 MuiInputLabel-marginDense-11 MuiInputLabel-outlined-15"
        data-shrink="true"
      >
        Memory
        <span
          class="MuiFormLabel-asterisk-22"
        >
           *
        </span>
      </label>
      <div
        class="MuiInputBase-root-36 MuiOutlinedInput-root-23 MuiInputBase-fullWidth-45 MuiInputBase-formControl-37 MuiInputBase-marginDense-43"
      >
        <fieldset
          aria-hidden="true"
          class="MuiPrivateNotchedOutline-root-53 MuiOutlinedInput-notchedOutline-30"
          style="padding-left: 8px;"
        >
          <legend
            class="MuiPrivateNotchedOutline-legend-54"
            style="width: 0px;"
          >
            <span>
              ​
            </span>
          </legend>
        </fieldset>
        <input
          aria-invalid="false"
          class="MuiInputBase-input-46 MuiOutlinedInput-input-31 MuiInputBase-inputType-49 MuiInputBase-inputMarginDense-47 MuiOutlinedInput-inputMarginDense-32"
          name="properties.memory"
          required=""
          type="number"
          value="256"
        />
      </div>
    </div>
  </div>
</div>
`;
